(base)
peter@PLXPS13 MINGW64 ~
$ conda activate dev
(dev)
peter@PLXPS13 MINGW64 ~
$ cd fin
bash: cd: fin: No such file or directory
(dev)
peter@PLXPS13 MINGW64 ~
$ cd FinTech_Workspace/
(dev)
peter@PLXPS13 MINGW64 ~/FinTech_Workspace
$ git clone https://github.com/plefebvre1/module_13_challenge.git
Cloning into 'module_13_challenge'...
remote: Enumerating objects: 5, done.
remote: Counting objects: 100% (5/5), done.
remote: Compressing objects: 100% (5/5), done.
remote: Total 5 (delta 0), reused 0 (delta 0), pack-reused 0
Receiving objects: 100% (5/5), done.
(dev)
peter@PLXPS13 MINGW64 ~/FinTech_Workspace
$ cd module_13_challenge/
(dev)
peter@PLXPS13 MINGW64 ~/FinTech_Workspace/module_13_challenge (main)
$ git status
On branch main
Your branch is up to date with 'origin/main'.

nothing to commit, working tree clean
(dev)
peter@PLXPS13 MINGW64 ~/FinTech_Workspace/module_13_challenge (main)
$ git status
On branch main
Your branch is up to date with 'origin/main'.

Untracked files:
  (use "git add <file>..." to include in what will be committed)
        GC_venture_funding_with_deep_learning.ipynb
        Resources/
        venture_funding_with_deep_learning.ipynb

nothing added to commit but untracked files present (use "git add" to track)
(dev)
peter@PLXPS13 MINGW64 ~/FinTech_Workspace/module_13_challenge (main)
$ git add GC_venture_funding_with_deep_learning.ipynb
(dev)
peter@PLXPS13 MINGW64 ~/FinTech_Workspace/module_13_challenge (main)
$ git add Resources/
warning: CRLF will be replaced by LF in Resources/applicants_data.csv.
The file will have its original line endings in your working directory
(dev)
peter@PLXPS13 MINGW64 ~/FinTech_Workspace/module_13_challenge (main)
$ git add venture_funding_with_deep_learning.ipynb
(dev)
peter@PLXPS13 MINGW64 ~/FinTech_Workspace/module_13_challenge (main)
$ git status
On branch main
Your branch is up to date with 'origin/main'.

Changes to be committed:
  (use "git restore --staged <file>..." to unstage)
        new file:   GC_venture_funding_with_deep_learning.ipynb
        new file:   Resources/applicants_data.csv
        new file:   venture_funding_with_deep_learning.ipynb

(dev)
peter@PLXPS13 MINGW64 ~/FinTech_Workspace/module_13_challenge (main)
$ git commit -m 'Initial starter code'
[main ad9b6e7] Initial starter code
 3 files changed, 36109 insertions(+)
 create mode 100644 GC_venture_funding_with_deep_learning.ipynb
 create mode 100644 Resources/applicants_data.csv
 create mode 100644 venture_funding_with_deep_learning.ipynb
(dev)
peter@PLXPS13 MINGW64 ~/FinTech_Workspace/module_13_challenge (main)
$ git push
Enumerating objects: 7, done.
Counting objects: 100% (7/7), done.
Delta compression using up to 8 threads
Compressing objects: 100% (5/5), done.
Writing objects: 100% (6/6), 627.17 KiB | 8.59 MiB/s, done.
Total 6 (delta 1), reused 0 (delta 0), pack-reused 0
remote: Resolving deltas: 100% (1/1), done.
To https://github.com/plefebvre1/module_13_challenge.git
   7aeb10c..ad9b6e7  main -> main
(dev)
peter@PLXPS13 MINGW64 ~/FinTech_Workspace/module_13_challenge (main)
$ touch terminal_history.txt
(dev)
peter@PLXPS13 MINGW64 ~/FinTech_Workspace/module_13_challenge (main)
$ git add terminal_history.txt
(dev)
peter@PLXPS13 MINGW64 ~/FinTech_Workspace/module_13_challenge (main)
$ git commit -m 'Terminal history initialized'
[main 2e94003] Terminal history initialized
 1 file changed, 0 insertions(+), 0 deletions(-)
 create mode 100644 terminal_history.txt
(dev)
peter@PLXPS13 MINGW64 ~/FinTech_Workspace/module_13_challenge (main)
$ git push
Enumerating objects: 4, done.
Counting objects: 100% (4/4), done.
Delta compression using up to 8 threads
Compressing objects: 100% (2/2), done.
Writing objects: 100% (3/3), 294 bytes | 294.00 KiB/s, done.
Total 3 (delta 1), reused 0 (delta 0), pack-reused 0
remote: Resolving deltas: 100% (1/1), completed with 1 local object.
To https://github.com/plefebvre1/module_13_challenge.git
   ad9b6e7..2e94003  main -> main
(dev)
peter@PLXPS13 MINGW64 ~/FinTech_Workspace/module_13_challenge (main)
$ git rm GC_venture_funding_with_deep_learning.ipynb
rm 'GC_venture_funding_with_deep_learning.ipynb'
(dev)
peter@PLXPS13 MINGW64 ~/FinTech_Workspace/module_13_challenge (main)
$ git status
On branch main
Your branch is up to date with 'origin/main'.

Changes to be committed:
  (use "git restore --staged <file>..." to unstage)
        deleted:    GC_venture_funding_with_deep_learning.ipynb

(dev)
peter@PLXPS13 MINGW64 ~/FinTech_Workspace/module_13_challenge (main)
$ git commit -m 'Google colab version deleted'
[main e92c64f] Google colab version deleted
 1 file changed, 987 deletions(-)
 delete mode 100644 GC_venture_funding_with_deep_learning.ipynb
(dev)
peter@PLXPS13 MINGW64 ~/FinTech_Workspace/module_13_challenge (main)
$ git push
Enumerating objects: 3, done.
Counting objects: 100% (3/3), done.
Delta compression using up to 8 threads
Compressing objects: 100% (2/2), done.
Writing objects: 100% (2/2), 239 bytes | 239.00 KiB/s, done.
Total 2 (delta 1), reused 0 (delta 0), pack-reused 0
remote: Resolving deltas: 100% (1/1), completed with 1 local object.
To https://github.com/plefebvre1/module_13_challenge.git
   2e94003..e92c64f  main -> main
(dev)
peter@PLXPS13 MINGW64 ~/FinTech_Workspace/module_13_challenge (main)
$ git status
On branch main
Your branch is up to date with 'origin/main'.

nothing to commit, working tree clean
(dev)
peter@PLXPS13 MINGW64 ~/FinTech_Workspace/module_13_challenge (main)
$ git status
On branch main
Your branch is up to date with 'origin/main'.

Changes not staged for commit:
  (use "git add <file>..." to update what will be committed)
  (use "git restore <file>..." to discard changes in working directory)
        modified:   venture_funding_with_deep_learning.ipynb

no changes added to commit (use "git add" and/or "git commit -a")
(dev)
peter@PLXPS13 MINGW64 ~/FinTech_Workspace/module_13_challenge (main)
$ git add venture_funding_with_deep_learning.ipynb
(dev)
peter@PLXPS13 MINGW64 ~/FinTech_Workspace/module_13_challenge (main)
$ git commit -m 'Data prepared for NN model'
[main bd4e77e] Data prepared for NN model
 1 file changed, 1067 insertions(+), 54 deletions(-)
(dev)
peter@PLXPS13 MINGW64 ~/FinTech_Workspace/module_13_challenge (main)
$ git push
Enumerating objects: 5, done.
Counting objects: 100% (5/5), done.
Delta compression using up to 8 threads
Compressing objects: 100% (3/3), done.
Writing objects: 100% (3/3), 7.49 KiB | 7.49 MiB/s, done.
Total 3 (delta 1), reused 0 (delta 0), pack-reused 0
remote: Resolving deltas: 100% (1/1), completed with 1 local object.
To https://github.com/plefebvre1/module_13_challenge.git
   e92c64f..bd4e77e  main -> main
(dev)
peter@PLXPS13 MINGW64 ~/FinTech_Workspace/module_13_challenge (main)
$ git status
On branch main
Your branch is up to date with 'origin/main'.

Changes not staged for commit:
  (use "git add <file>..." to update what will be committed)
  (use "git restore <file>..." to discard changes in working directory)
        modified:   venture_funding_with_deep_learning.ipynb

Untracked files:
  (use "git add <file>..." to include in what will be committed)
        Resources/AlphabetSoup.h5

no changes added to commit (use "git add" and/or "git commit -a")
(dev)
peter@PLXPS13 MINGW64 ~/FinTech_Workspace/module_13_challenge (main)
$ git add venture_funding_with_deep_learning.ipynb
(dev)
peter@PLXPS13 MINGW64 ~/FinTech_Workspace/module_13_challenge (main)
$ git add Resources/AlphabetSoup.h5
(dev)
peter@PLXPS13 MINGW64 ~/FinTech_Workspace/module_13_challenge (main)
$ git status
On branch main
Your branch is up to date with 'origin/main'.

Changes to be committed:
  (use "git restore --staged <file>..." to unstage)
        new file:   Resources/AlphabetSoup.h5
        modified:   venture_funding_with_deep_learning.ipynb

(dev)
peter@PLXPS13 MINGW64 ~/FinTech_Workspace/module_13_challenge (main)
$ git commit -m 'Model compiled, evaluated and saved to .h5 file'
[main 386894b] Model compiled, evaluated and saved to .h5 file
 2 files changed, 104 insertions(+), 40 deletions(-)
 create mode 100644 Resources/AlphabetSoup.h5
(dev)
peter@PLXPS13 MINGW64 ~/FinTech_Workspace/module_13_challenge (main)
$ git push
Enumerating objects: 8, done.
Counting objects: 100% (8/8), done.
Delta compression using up to 8 threads
Compressing objects: 100% (5/5), done.
Writing objects: 100% (5/5), 75.41 KiB | 15.08 MiB/s, done.
Total 5 (delta 2), reused 0 (delta 0), pack-reused 0
remote: Resolving deltas: 100% (2/2), completed with 2 local objects.
To https://github.com/plefebvre1/module_13_challenge.git
   bd4e77e..386894b  main -> main
(dev)
peter@PLXPS13 MINGW64 ~/FinTech_Workspace/module_13_challenge (main)
$ git status
On branch main
Your branch is up to date with 'origin/main'.

Changes not staged for commit:
  (use "git add <file>..." to update what will be committed)
  (use "git restore <file>..." to discard changes in working directory)
        modified:   Resources/AlphabetSoup.h5
        modified:   venture_funding_with_deep_learning.ipynb

Untracked files:
  (use "git add <file>..." to include in what will be committed)
        Resources/AlphabetSoup_A1.h5
        Resources/AlphabetSoup_A2.h5

no changes added to commit (use "git add" and/or "git commit -a")
(dev)
peter@PLXPS13 MINGW64 ~/FinTech_Workspace/module_13_challenge (main)
$ git add Resources/AlphabetSoup.h5
(dev)
peter@PLXPS13 MINGW64 ~/FinTech_Workspace/module_13_challenge (main)
$ git add venture_funding_with_deep_learning.ipynb
(dev)
peter@PLXPS13 MINGW64 ~/FinTech_Workspace/module_13_challenge (main)
$ git add Resources/AlphabetSoup_A1.h5
(dev)
peter@PLXPS13 MINGW64 ~/FinTech_Workspace/module_13_challenge (main)
$ git add Resources/AlphabetSoup_A2.h5
(dev)
peter@PLXPS13 MINGW64 ~/FinTech_Workspace/module_13_challenge (main)
$ git status
On branch main
Your branch is up to date with 'origin/main'.

Changes to be committed:
  (use "git restore --staged <file>..." to unstage)
        modified:   Resources/AlphabetSoup.h5
        new file:   Resources/AlphabetSoup_A1.h5
        new file:   Resources/AlphabetSoup_A2.h5
        modified:   venture_funding_with_deep_learning.ipynb

(dev)
peter@PLXPS13 MINGW64 ~/FinTech_Workspace/module_13_challenge (main)
$ git commit -m 'Alternative models assessed for optimization'
[main 620a97b] Alternative models assessed for optimization
 4 files changed, 188 insertions(+), 57 deletions(-)
 rewrite Resources/AlphabetSoup.h5 (79%)
 create mode 100644 Resources/AlphabetSoup_A1.h5
 create mode 100644 Resources/AlphabetSoup_A2.h5
(dev)
peter@PLXPS13 MINGW64 ~/FinTech_Workspace/module_13_challenge (main)
$ git push
Enumerating objects: 11, done.
Counting objects: 100% (11/11), done.
Delta compression using up to 8 threads
Compressing objects: 100% (7/7), done.
Writing objects: 100% (7/7), 271.89 KiB | 12.95 MiB/s, done.
Total 7 (delta 2), reused 0 (delta 0), pack-reused 0
remote: Resolving deltas: 100% (2/2), completed with 2 local objects.
To https://github.com/plefebvre1/module_13_challenge.git
   386894b..620a97b  main -> main
(dev)
peter@PLXPS13 MINGW64 ~/FinTech_Workspace/module_13_challenge (main)
$
